ARM Linker, 4.1 [Build 894] [Professional]

==============================================================================

Section Cross References

    startup.o(STACK) refers (Special) to heapauxi.o(.text) for __use_two_region_memory
    startup.o(HEAP) refers (Special) to heapauxi.o(.text) for __use_two_region_memory
    startup.o(RESET) refers (Special) to heapauxi.o(.text) for __use_two_region_memory
    startup.o(RESET) refers to startup.o(STACK) for __initial_sp
    startup.o(RESET) refers to startup.o(.text) for Reset_Handler
    startup.o(RESET) refers to hw01_timer.o(.text) for TIMER0_IRQHandler
    startup.o(RESET) refers to cuart.o(.text) for UART0_IRQHandler
    startup.o(RESET) refers to hw16_iic.o(.text) for I2C0_IRQHandler
    startup.o(RESET) refers to hw10_can.o(.text) for CAN_IRQHandler
    startup.o(.ARM.__at_0x02FC) refers (Special) to heapauxi.o(.text) for __use_two_region_memory
    startup.o(.text) refers (Special) to heapauxi.o(.text) for __use_two_region_memory
    startup.o(.text) refers to system_lpc177x_8x.o(.text) for SystemInit
    startup.o(.text) refers to __main.o(!!!main) for __main
    startup.o(.text) refers to startup.o(HEAP) for Heap_Mem
    startup.o(.text) refers to startup.o(STACK) for Stack_Mem
    main.o(.text) refers to sysstatus.o(.text) for GetSysState
    main.o(.text) refers to tmrtick.o(.text) for SetTmrTickTask
    main.o(.text) refers to canprtl_itx.o(.text) for ICan_Tx_Reset
    main.o(.text) refers to mruntask.o(.text) for SysInit_WhenReset
    main.o(.text) refers to can_manage.o(.text) for CanIntrBuf_Move
    mruntask.o(.text) refers to tmrtick.o(.text) for SetTmrTickTask
    mruntask.o(.text) refers to hw00_hdint.o(.text) for MyInt_All_Disable
    mruntask.o(.text) refers to sysstatus.o(.text) for Init_SysStatus
    mruntask.o(.text) refers to hdinterface.o(.text) for MyTickTimer_Init
    mruntask.o(.text) refers to sysdef.o(.text) for SetMyHdHaveIniSign
    mruntask.o(.text) refers to phclock.o(.text) for InitClock
    mruntask.o(.text) refers to lcdshowtask.o(.text) for Init_LcdTask
    mruntask.o(.text) refers to keybufjdglib.o(.text) for InitKeyJudgeTask
    mruntask.o(.text) refers to phiokeyscan.o(.text) for InitKeyScanTask
    mruntask.o(.text) refers to phioled.o(.text) for InitLedTask
    mruntask.o(.text) refers to can_manage.o(.text) for Can_Task_Init
    mruntask.o(.text) refers to mtask_test.o(.text) for SysTask_Test_Init
    mruntask.o(.text) refers to syspanel.o(.text) for PanelState_Init
    mruntask.o(.text) refers to sysmachine.o(.text) for MachineState_Init
    mruntask.o(.text) refers to evtstruct.o(.text) for IniEvtAll
    mruntask.o(.text) refers to lcdcst_page.o(.text) for LcdCstPage_CheckCst
    mruntask.o(.text) refers to fls_interface.o(.text) for FlsHd_All_Init
    mruntask.o(.text) refers to phioscan.o(.text) for InitIoScan
    mruntask.o(.text) refers to savetask.o(.text) for Init_SaveTask
    mruntask.o(.text) refers to lcdsub_pssw.o(.text) for NeedPssw_Init
    mruntask.o(.text) refers to uarthd_interface.o(.text) for Uart_All_HdAndBuf_Init
    mruntask.o(.text) refers to phwatchdogtask.o(.text) for Clear_MyWatchDog
    mtask_test.o(.text) refers to sim_saveitem.o(.text) for Sim_Init_SaveTask
    mtask_test.o(.text) refers to tmrtick.o(.text) for SetTmrTickTask
    mtask_test.o(.text) refers to strdevice.o(.text) for DevSet_SimAdr
    mtask_test.o(.text) refers to phclock.o(.text) for GetRamEvtTimer
    mtask_test.o(.text) refers to evt_alarmbuf.o(.text) for Buf_Alarm
    mtask_test.o(.text) refers to evt_faultbuf.o(.text) for Buf_Fault
    mtask_test.o(.text) refers to evt_linkbuf.o(.text) for Buf_Link
    mtask_test.o(.text) refers to evt_extgbuf.o(.text) for Buf_Extg
    mtask_test.o(.text) refers to evt_spvsbuf.o(.text) for Buf_Spvs
    mtask_test.o(.text) refers to evt_dsabbuf.o(.text) for Buf_Disable
    mtask_test.o(.text) refers to lcdtsk_pgnum.o(.text) for bPageIsEvent
    mtask_test.o(.text) refers to keybufjdglib.o(.text) for SetKeyValueWhenPsswOk
    mtask_test.o(.text) refers to evtstruct.o(.text) for IniEvtAll
    mtask_test.o(.text) refers to hwex15_lcd_swbuf.o(.text) for LcdSw_ClrFullWindow
    mtask_test.o(.text) refers to lcdsub_modetextfig.o(.text) for getPixYR_formRow
    mtask_test.o(.text) refers to mtask_test.o(.data) for vTimerAddNum
    mtask_test.o(.text) refers to mtask_test.o(.bss) for stSimTrans
    mtask_test.o(.text) refers to lcdcst_page.o(.text) for LcdCstPage_CheckCst
    mtask_test.o(.text) refers to lcdpg_mainandevtchange.o(.text) for Exec_MainOrEvtWindow
    mtask_test.o(.text) refers to lcdshowtask.o(.text) for lcdTask_JdgKey
    mtask_test.o(.text) refers to hdinterface.o(.text) for MyTimer_IntrHander
    mtask_test.o(.text) refers to hw00_hdint.o(.text) for MyInt_Disable
    mtask_test.o(.text) refers to lcdpg_aschedu.o(.text) for pageMCycleReturn
    sysdef.o(.text) refers to sysdef.o(.bss) for bTaskHasInitial
    codecrc.o(.text) refers to codecrc.o(.constdata) for CstCrcTable
[...]
    Lcd_ClrPixRow                            0x00021e69   Thumb Code    24  hwex12_lcd_control.o(.text)
    Lcd_disp_HvLine                          0x00021e81   Thumb Code   148  hwex12_lcd_control.o(.text)
    Lcd_disp_RL                              0x00021f15   Thumb Code    40  hwex12_lcd_control.o(.text)
    CLKPWR_SetCLKDiv                         0x00021f3d   Thumb Code   178  lpc177x_8x_clkpwr.o(.text)
    CLKPWR_GetCLK                            0x00021fef   Thumb Code    46  lpc177x_8x_clkpwr.o(.text)
    CLKPWR_ConfigPPWR                        0x0002201d   Thumb Code    38  lpc177x_8x_clkpwr.o(.text)
    CLKPWR_Sleep                             0x00022043   Thumb Code    10  lpc177x_8x_clkpwr.o(.text)
    CLKPWR_DeepSleep                         0x0002204d   Thumb Code    16  lpc177x_8x_clkpwr.o(.text)
    CLKPWR_PowerDown                         0x0002205d   Thumb Code    16  lpc177x_8x_clkpwr.o(.text)
    CLKPWR_DeepPowerDown                     0x0002206d   Thumb Code    16  lpc177x_8x_clkpwr.o(.text)
    linkBuf_moveThing                        0x000220ad   Thumb Code    76  evtcommonthing.o(.text)
    linkBuf_moveTrans                        0x000220f9   Thumb Code    70  evtcommonthing.o(.text)
    bLinkThingIsNeedDelete                   0x0002213f   Thumb Code    42  evtcommonthing.o(.text)
    bLinkThingIsAction                       0x00022169   Thumb Code    18  evtcommonthing.o(.text)
    bLinkThingIsAck                          0x0002217b   Thumb Code    18  evtcommonthing.o(.text)
    bLinkThingIs_EquClass                    0x0002218d   Thumb Code    50  evtcommonthing.o(.text)
    bLinkBufAndNewThingIs_EquClass           0x000221bf   Thumb Code    52  evtcommonthing.o(.text)
    extgBuf_moveThing                        0x000221f3   Thumb Code    76  evtcommonthing.o(.text)
    extgBuf_moveTrans                        0x0002223f   Thumb Code    70  evtcommonthing.o(.text)
    bExtgThingIsNeedDelete                   0x00022285   Thumb Code    14  evtcommonthing.o(.text)
    bExtgThingIsCircle                       0x00022293   Thumb Code    22  evtcommonthing.o(.text)
    bExtgThingIsAux                          0x000222a9   Thumb Code    18  evtcommonthing.o(.text)
    bExtgThingIsSpray                        0x000222bb   Thumb Code    18  evtcommonthing.o(.text)
    bExtgThingIsSpryAck                      0x000222cd   Thumb Code    22  evtcommonthing.o(.text)
    bExtgThingIsAnnu                         0x000222e3   Thumb Code    18  evtcommonthing.o(.text)
    bExtgThingIs_EquClass                    0x000222f5   Thumb Code   110  evtcommonthing.o(.text)
    bExtgBufAndNewThingIs_EquClass           0x00022363   Thumb Code    52  evtcommonthing.o(.text)
    bThingIs_EquClass                        0x00022397   Thumb Code    40  evtcommonthing.o(.text)
    bBufAndNewThingIs_EquClass               0x000223bf   Thumb Code    50  evtcommonthing.o(.text)
    bThingIsNeedDelete                       0x000223f1   Thumb Code    34  evtcommonthing.o(.text)
    Buf_moveTrans                            0x00022413   Thumb Code    40  evtcommonthing.o(.text)
    Buf_moveThing                            0x0002243b   Thumb Code    52  evtcommonthing.o(.text)
    lcd_1000delay                            0x0002247b   Thumb Code    22  hwex11_lcd_cmd.o(.text)
    bWaitForLcdIdle1                         0x00022491   Thumb Code     4  hwex11_lcd_cmd.o(.text)
    bWaitForLcdIdle                          0x00022495   Thumb Code    56  hwex11_lcd_cmd.o(.text)
    lcd_w_command                            0x000224cd   Thumb Code    34  hwex11_lcd_cmd.o(.text)
    lcd_w_data                               0x000224ef   Thumb Code    28  hwex11_lcd_cmd.o(.text)
    lcdCs_Release_AllChip                    0x0002250b   Thumb Code     8  hwex11_lcd_cmd.o(.text)
    lcdCs_Select_Chip                        0x00022513   Thumb Code    46  hwex11_lcd_cmd.o(.text)
    lcdCs_Release_Chip                       0x00022541   Thumb Code    46  hwex11_lcd_cmd.o(.text)
    lcd_Init_OneChip                         0x0002256f   Thumb Code    44  hwex11_lcd_cmd.o(.text)
    Lcd_Initial                              0x0002259b   Thumb Code    36  hwex11_lcd_cmd.o(.text)
    lcd_disp_ChipRL                          0x000225bf   Thumb Code   110  hwex11_lcd_cmd.o(.text)
    scanLcd_OneRow                           0x0002262d   Thumb Code    84  hwex11_lcd_cmd.o(.text)
    scanLcd_OneLine                          0x00022681   Thumb Code   102  hwex11_lcd_cmd.o(.text)
    LcdCmd_Clr1PageRow                       0x000226e7   Thumb Code    14  hwex11_lcd_cmd.o(.text)
    LcdCmd_Set1PageRow                       0x000226f5   Thumb Code    14  hwex11_lcd_cmd.o(.text)
    Clr1Pix_OneRow                           0x00022703   Thumb Code    30  hwex11_lcd_cmd.o(.text)
    Set1Pix_OneRow                           0x00022721   Thumb Code    48  hwex11_lcd_cmd.o(.text)
    Clr1Pix_OneLine                          0x00022751   Thumb Code    14  hwex11_lcd_cmd.o(.text)
    Set1Pix_OneLine                          0x0002275f   Thumb Code    14  hwex11_lcd_cmd.o(.text)
    __aeabi_uldivmod                         0x0002276d   Thumb Code     0  lludivv7m.o(.text)
    _ll_udiv                                 0x0002276d   Thumb Code   238  lludivv7m.o(.text)
    __aeabi_llsl                             0x0002285b   Thumb Code     0  llshl.o(.text)
    _ll_shift_l                              0x0002285b   Thumb Code    38  llshl.o(.text)
    __aeabi_llsr                             0x00022881   Thumb Code     0  llushr.o(.text)
    _ll_ushift_r                             0x00022881   Thumb Code    38  llushr.o(.text)
    __aeabi_assert                           0x000228a9   Thumb Code    84  assert.o(.text)
    __assert                                 0x000228a9   Thumb Code     0  assert.o(.text)
    __aeabi_memcpy                           0x00022925   Thumb Code     0  rt_memcpy_v6.o(.text)
    __rt_memcpy                              0x00022925   Thumb Code   138  rt_memcpy_v6.o(.text)
    _memcpy_lastbytes                        0x0002298b   Thumb Code     0  rt_memcpy_v6.o(.text)
    __aeabi_memcpy4                          0x000229af   Thumb Code     0  rt_memcpy_w.o(.text)
    __aeabi_memcpy8                          0x000229af   Thumb Code     0  rt_memcpy_w.o(.text)
    __rt_memcpy_w                            0x000229af   Thumb Code   100  rt_memcpy_w.o(.text)
    _memcpy_lastbytes_aligned                0x000229f7   Thumb Code     0  rt_memcpy_w.o(.text)
    __use_two_region_memory                  0x00022a13   Thumb Code     2  heapauxi.o(.text)
    __rt_heap_escrow$2region                 0x00022a15   Thumb Code     2  heapauxi.o(.text)
    __rt_heap_expand$2region                 0x00022a17   Thumb Code     2  heapauxi.o(.text)
    abort                                    0x00022a19   Thumb Code    16  abort.o(.text)
    __assert_puts                            0x00022a29   Thumb Code    20  assert_puts.o(.text)
    _ttywrch                                 0x00022a3d   Thumb Code    14  sys_wrch.o(.text)
    _sys_exit                                0x00022a4d   Thumb Code     8  sys_exit.o(.text)
    __rt_SIGABRT                             0x00022a59   Thumb Code    14  defsig_abrt_outer.o(.text)
    __I$use$semihosting                      0x00022a67   Thumb Code     0  use_no_semi.o(.text)
    __use_no_semihosting_swi                 0x00022a67   Thumb Code     2  use_no_semi.o(.text)
    __semihosting_library_function           0x00022a69   Thumb Code     0  indicate_semi.o(.text)
    __user_setup_stackheap                   0x00022a69   Thumb Code    74  sys_stackheap_outer.o(.text)
    exit                                     0x00022ab3   Thumb Code    12  exit.o(.text)
    __sig_exit                               0x00022abf   Thumb Code    10  defsig_exit.o(.text)
    __rt_SIGABRT_inner                       0x00022ac9   Thumb Code    14  defsig_abrt_inner.o(.text)
    __user_libspace                          0x00022af9   Thumb Code     8  libspace.o(.text)
    __user_perproc_libspace                  0x00022af9   Thumb Code     0  libspace.o(.text)
    __user_perthread_libspace                0x00022af9   Thumb Code     0  libspace.o(.text)
    __default_signal_display                 0x00022b01   Thumb Code    50  defsig_general.o(.text)
    __rt_fp_status_addr                      0x00022b35   Thumb Code     8  rt_fp_status_addr_intlibspace.o(.text)
    _fp_init                                 0x00022b3d   Thumb Code    14  fpinit.o(x$fpl$fpinit)
    __fplib_config_pureend_doubles           0x00022b49   Thumb Code     0  fpinit.o(x$fpl$fpinit)
    CstCrcTable                              0x00022b4a   Data         256  codecrc.o(.constdata)
    figBcdMaxLimitBit                        0x00022c4c   Data          36  codefig.o(.constdata)
    cDeteLuBit                               0x00022c70   Data           8  cstbits.o(.constdata)
    cBit8LowToHigh                           0x00022c78   Data           8  cstbits.o(.constdata)
    cBit8HighToLow                           0x00022c80   Data           8  cstbits.o(.constdata)
    cBit16LowToHigh                          0x00022c88   Data          32  cstbits.o(.constdata)
    cBit16HighToLow                          0x00022ca8   Data          32  cstbits.o(.constdata)
    cBit32LowToHigh                          0x00022cc8   Data         128  cstbits.o(.constdata)
    cBit32HighToLow                          0x00022d48   Data         128  cstbits.o(.constdata)
    cPanelSequ                               0x00022dc8   Data          36  syspanel.o(.constdata)
    cstPgMCycDef                             0x00022dec   Data          18  lcdtsk_pgnum.o(.constdata)
    cstChkHdTmrMsArrived                     0x00022e00   Data          96  lcdpg_pselfhdchk.o(.constdata)
    cstWinSwEventTotal                       0x00022e60   Data           6  lcdpg_showevt.o(.constdata)
    cstWinSwMiniEventTotal                   0x00022e66   Data           6  lcdpg_showevt.o(.constdata)
    yval                                     0x00022e6c   Data           6  lcdpg_keycall.o(.constdata)
    yval_p061                                0x00022e72   Data           7  lcdpg_keycall.o(.constdata)
    PosRow                                   0x00022e79   Data           5  lcdpg_keycall.o(.constdata)
    AllPosText                               0x00022e80   Data        8000  lcdpg_keycall.o(.constdata)
    cstpos_p010                              0x00024dc0   Data           4  postext.o(.constdata)
    cstpos_p061                              0x00024dc4   Data           4  postext.o(.constdata)
    cstpos_p060                              0x00024dc8   Data           1  postext.o(.constdata)
    cstpos_p062                              0x00024dc9   Data           1  postext.o(.constdata)
    cstpos_p030                              0x00024dca   Data          12  postext.o(.constdata)
    cstpos_p058                              0x00024dd6   Data           1  postext.o(.constdata)
    cstpos_p024                              0x00024dd7   Data           4  postext.o(.constdata)
    cstpos_p027                              0x00024ddb   Data          10  postext.o(.constdata)
    cstpos_p083                              0x00024de5   Data           9  postext.o(.constdata)
    cstpos_p013                              0x00024dee   Data          12  postext.o(.constdata)
    cstpos_p017                              0x00024dfa   Data           5  postext.o(.constdata)
    mShowAllEvtTotalRow                      0x00024dff   Data          12  lcdsub_swoneevt.o(.constdata)
    CstMenu_Space                            0x00024e0c   Data          16  lcdcst_menu.o(.constdata)
    CstMenu_Virtual                          0x00024e1c   Data          16  lcdcst_menu.o(.constdata)
    CstMenu_Ini                              0x00024e2c   Data         128  lcdcst_menu.o(.constdata)
    CstMenu_0_UserSet                        0x00024eac   Data          64  lcdcst_menu.o(.constdata)
    CstMenu_1_Inquire                        0x00024eec   Data          96  lcdcst_menu.o(.constdata)
    CstMenu_1_0_SysState                     0x00024f4c   Data          48  lcdcst_menu.o(.constdata)
    CstMenu_1_1_QrSysInstal                  0x00024f7c   Data          80  lcdcst_menu.o(.constdata)
    CstMenu_1_2_Hist                         0x00024fcc   Data          96  lcdcst_menu.o(.constdata)
    CstMenu_2_Measure                        0x0002502c   Data          64  lcdcst_menu.o(.constdata)
    CstMenu_2_0_Dete                         0x0002506c   Data          64  lcdcst_menu.o(.constdata)
    CstMenu_2_1_SelfChk                      0x000250ac   Data          48  lcdcst_menu.o(.constdata)
    CstMenu_2_2_Comm                         0x000250dc   Data          32  lcdcst_menu.o(.constdata)
    CstMenu_3_SystemSet                      0x000250fc   Data         112  lcdcst_menu.o(.constdata)
    CstMenu_4_FactorySet                     0x0002516c   Data          48  lcdcst_menu.o(.constdata)
    CstMenu_3_0_ClrSave                      0x0002519c   Data          64  lcdcst_menu.o(.constdata)
    CstMenu_3_1_User                         0x000251dc   Data          32  lcdcst_menu.o(.constdata)
    stPage                                   0x000251fc   Data        1600  lcdcst_page.o(.constdata)
    cstDeteTypeChar                          0x0002583c   Data         192  lcdcst_pgstrdetetype.o(.constdata)
    cstEvtClsChar                            0x000258fc   Data          96  lcdcst_pgstrevtthing.o(.constdata)
    cstEvtLinkModuChar                       0x0002595c   Data         160  lcdcst_pgstrevtthing.o(.constdata)
    cstEvtExtgChar                           0x000259fc   Data         208  lcdcst_pgstrevtthing.o(.constdata)
    cstEvtAlarmChar                          0x00025acc   Data          32  lcdcst_pgstrevtthing.o(.constdata)
    cstEvtFaultChar                          0x00025aec   Data          48  lcdcst_pgstrevtthing.o(.constdata)
    cstEvtOpeaChar                           0x00025b1c   Data          80  lcdcst_pgstrevtthing.o(.constdata)
    cstEvtSuperChar                          0x00025b6c   Data          48  lcdcst_pgstrevtthing.o(.constdata)
    cstChar_Default                          0x00025b9c   Data          12  lcdcst_pgstring.o(.constdata)
    cstChar_PageDefError                     0x00025ba8   Data          12  lcdcst_pgstring.o(.constdata)
    cstChar_PageNoCode                       0x00025bb4   Data          12  lcdcst_pgstring.o(.constdata)
    cstChar_ExtgMachineIni                   0x00025bc0   Data          12  lcdcst_pgstring.o(.constdata)
    cstChar_RunUsual                         0x00025bcc   Data          12  lcdcst_pgstring.o(.constdata)
    cstChar_Auto                             0x00025bd8   Data          12  lcdcst_pgstring.o(.constdata)
    cstChar_Manu                             0x00025be4   Data          12  lcdcst_pgstring.o(.constdata)
    cstChar_Forbid                           0x00025bf0   Data          12  lcdcst_pgstring.o(.constdata)
    cstChar_Allow                            0x00025bfc   Data          12  lcdcst_pgstring.o(.constdata)
    cstChar_FirAlarm                         0x00025c08   Data          12  lcdcst_pgstring.o(.constdata)
    cstChar_MachinMe                         0x00025c14   Data          12  lcdcst_pgstring.o(.constdata)
    cstChar_Machine                          0x00025c20   Data          12  lcdcst_pgstring.o(.constdata)
    cstChar_Loop                             0x00025c2c   Data          12  lcdcst_pgstring.o(.constdata)
    cstChar_Addr                             0x00025c38   Data          12  lcdcst_pgstring.o(.constdata)
    cstChar_Channel                          0x00025c44   Data          12  lcdcst_pgstring.o(.constdata)
    cstChar_Pn_Loop                          0x00025c50   Data          12  lcdcst_pgstring.o(.constdata)
    cstChar_Pn_Opea                          0x00025c5c   Data          12  lcdcst_pgstring.o(.constdata)
    cstChar_Pn_Drt                           0x00025c68   Data          12  lcdcst_pgstring.o(.constdata)
    cstChar_Pn_Bus                           0x00025c74   Data          12  lcdcst_pgstring.o(.constdata)
    cstChar_Pn_Extg                          0x00025c80   Data          12  lcdcst_pgstring.o(.constdata)
    cstChar_Pn_Broad                         0x00025c8c   Data          12  lcdcst_pgstring.o(.constdata)
    cstChar_Pn_Power                         0x00025c98   Data          12  lcdcst_pgstring.o(.constdata)
    cstChar_Pn_Other                         0x00025ca4   Data          12  lcdcst_pgstring.o(.constdata)
    cstChar_Modu_Loop                        0x00025cb0   Data          12  lcdcst_pgstring.o(.constdata)
    cstChar_Modu_Pad                         0x00025cbc   Data          12  lcdcst_pgstring.o(.constdata)
    cstChar_Total                            0x00025cc8   Data          12  lcdcst_pgstring.o(.constdata)
    cstChar_Delay                            0x00025cd4   Data          12  lcdcst_pgstring.o(.constdata)
    cstChar_Second                           0x00025ce0   Data          12  lcdcst_pgstring.o(.constdata)
    cstChar_StatusColon                      0x00025cec   Data          12  lcdcst_pgstring.o(.constdata)
    cstChar_DongZuo                          0x00025cf8   Data          12  lcdcst_pgstring.o(.constdata)
    cstChar_Extinguish                       0x00025d04   Data          12  lcdcst_pgstring.o(.constdata)
    cstChar_Action                           0x00025d10   Data          12  lcdcst_pgstring.o(.constdata)
    cstChar_Stop                             0x00025d1c   Data          12  lcdcst_pgstring.o(.constdata)
    cstChar_Ack                              0x00025d28   Data          12  lcdcst_pgstring.o(.constdata)
    cstChar_AckRstr                          0x00025d34   Data          12  lcdcst_pgstring.o(.constdata)
    cstChar_AckMiss                          0x00025d40   Data          12  lcdcst_pgstring.o(.constdata)
    cstChar_Run                              0x00025d4c   Data          12  lcdcst_pgstring.o(.constdata)
    cstChar_pwrMain                          0x00025d58   Data          12  lcdcst_pgstring.o(.constdata)
    cstChar_pwrBty                           0x00025d64   Data          12  lcdcst_pgstring.o(.constdata)
    cstICan11sIdUniqu                        0x00025d70   Data          27  can11sprtl_ican.o(.constdata)
    cstCanPeriId                             0x00025d8c   Data          24  canhd_interface.o(.constdata)
    cstCanIntBufProp                         0x00025da4   Data          16  canintrxbuf.o(.constdata)
    cstClockLimit                            0x00025db4   Data          12  phclock.o(.constdata)
    cstDefaultClock                          0x00025dc0   Data           6  phclock.o(.constdata)
    cstChkLedStep                            0x00025dc8   Data          40  phioled.o(.constdata)
    cstLedChkSequ                            0x00025df0   Data          36  phioled.o(.constdata)
    cstChkSoundStep                          0x00025e14   Data          48  phiosound.o(.constdata)
    cstEveryKey                              0x00025e44   Data          84  phiokeyscan.o(.constdata)
    cstTmrPeriId                             0x00025e98   Data           9  hdinterface.o(.constdata)
    cstUartPeriId                            0x00025ea4   Data          16  uarthd_interface.o(.constdata)
    cstStFlashAssign                         0x00025eb4   Data        1120  strflsadrdef.o(.constdata)
    cstTimerPeriDef                          0x00026314   Data          36  hw01_timer.o(.constdata)
    cstPinFunc                               0x00026344   Data         144  hwex10_pindef.o(.constdata)
    cstGpioExStore                           0x000263d4   Data          96  hwex10_gpiodef.o(.constdata)
    cstGpioPwrState                          0x00026434   Data          72  hwex10_gpiodef.o(.constdata)
    cstGpioLcd                               0x0002647c   Data         384  hwex10_gpiodef.o(.constdata)
    cstGpioLed                               0x000265fc   Data         216  hwex10_gpiodef.o(.constdata)
    cstGpioKey                               0x000266d4   Data         240  hwex10_gpiodef.o(.constdata)
    cstSST39VF900A_BaseAddr                  0x000267c4   Data          20  hwex21_sst39vf800a.o(.constdata)
    cstPollWaitUs                            0x000267d8   Data          16  hwex21_sst39vf800a.o(.constdata)
    ASCII_8_6_LIB                            0x000267e8   Data         660  hwex16_charlibascii08.o(.constdata)
    cstCanFileProp_Rx_Evt                    0x00026a7c   Data          40  can06_rxevtfile.o(.constdata)
    cstCanFileProp_Rx_Mesg                   0x00026aa4   Data          40  can07_rxmesgfile.o(.constdata)
    cstCanTxMesgFil_Prop                     0x00026acc   Data          40  can13_txmesgfile.o(.constdata)
    cstEvtPropDef                            0x00026af4   Data          96  evtstruct.o(.constdata)
    bbit                                     0x00026b54   Data           8  hwex13_charlib.o(.constdata)
    cstCanHdBufProp                          0x00026b5c   Data          96  can01_txrx_commonbuf.o(.constdata)
    cstLcdRambit                             0x00026bbc   Data           8  hwex12_lcd_control.o(.constdata)
    Region$$Table$$Base                      0x0002769c   Number         0  anon$$obj.o(Region$$Table)
    Region$$Table$$Limit                     0x000276bc   Number         0  anon$$obj.o(Region$$Table)
    vTestCharNum                             0x10000005   Data           1  codefig.o(.data)
    vTestBcd                                 0x10000008   Data           4  codefig.o(.data)
    vTestBcdNum                              0x1000000c   Data           1  codefig.o(.data)
    vTestLimitBitBcd                         0x10000010   Data           4  codefig.o(.data)
    vTestLimitBitBcdNum                      0x10000014   Data           1  codefig.o(.data)
    stSysState                               0x10000038   Data           1  sysstatus.o(.data)
    stSysConfig                              0x10000039   Data           1  sysstatus.o(.data)
    aSysBoolState                            0x1000003c   Data           4  sysstatus.o(.data)
    cstStDevStructProp                       0x10000044   Data          64  strdevice.o(.data)
    stDeteEvtStr                             0x10000084   Data           5  strdevice.o(.data)
    vWinBoolState                            0x1000008d   Data           5  lcdpg_status.o(.data)
    mLedCheckStep                            0x100000ac   Data           4  lcdpg_pselfhdchk.o(.data)
    stTestClock                              0x100000bc   Data           6  lcdpg_pselfhdchk.o(.data)
    stTestClkRd                              0x100000c2   Data           6  lcdpg_pselfhdchk.o(.data)
    pgCall                                   0x100000d0   Data           4  lcdpg_initt.o(.data)
    pHead                                    0x10000116   Data           3  lcdpg_keycall.o(.data)
    pDev                                     0x10000119   Data           5  lcdpg_keycall.o(.data)
    mExtgZone                                0x1000011e   Data           1  lcdpg_keycall.o(.data)
    NetMachine                               0x1000011f   Data           1  lcdpg_keycall.o(.data)
    nulT                                     0x10000120   Data           4  postext.o(.data)
    nulArray                                 0x10000124   Data          20  postext.o(.data)
    looptext                                 0x10000138   Data           4  postext.o(.data)
    addrtext                                 0x1000013c   Data           4  postext.o(.data)
    typetext                                 0x10000140   Data           4  postext.o(.data)
    handleregtext                            0x10000144   Data          20  postext.o(.data)
    registerorshit                           0x10000158   Data          12  postext.o(.data)
    timedatetext                             0x10000164   Data           4  postext.o(.data)
    ActTextPos                               0x10000168   Data          80  postext.o(.data)
    vRow                                     0x100001bc   Data           1  lcdsub_modetextfig.o(.data)
    vLine                                    0x100001bd   Data           1  lcdsub_modetextfig.o(.data)
    vSx                                      0x100001be   Data           1  lcdsub_modetextfig.o(.data)
    vSy                                      0x100001bf   Data           1  lcdsub_modetextfig.o(.data)
    stNeedPsswKey                            0x100001c4   Data           3  lcdsub_pssw.o(.data)
    stNeedPsswMenu                           0x100001c7   Data           2  lcdsub_pssw.o(.data)
    stNeedPssw                               0x100001c9   Data           1  lcdsub_pssw.o(.data)
    CurrPage                                 0x100001d0   Data           4  lcdcst_page.o(.data)
    vICanRxFileId                            0x1000021e   Data           3  ecanrxtask.o(.data)
    stRamClock                               0x10000224   Data           6  phclock.o(.data)
    stTempClock                              0x1000022a   Data           6  phclock.o(.data)
    bHaveFeedDog                             0x10000230   Data           4  phwatchdogtask.o(.data)
    bExtraNeedFeedDog                        0x10000234   Data           4  phwatchdogtask.o(.data)
    stPwrChkSwc                              0x10000238   Data           3  phiopwrchkswitch.o(.data)
    bSysIntDisable                           0x1000023c   Data           5  hw00_hdint.o(.data)
    bSysIntHdOpen                            0x10000241   Data           5  hw00_hdint.o(.data)
    stFlashStatus                            0x10000246   Data           8  fls_interface.o(.data)
    vFlsJdgSectorRdBuf                       0x10000250   Data           4  strflsitmstrcacu.o(.data)
    vInqPointHead                            0x1000025c   Data           4  flsinqpoint.o(.data)
    vInqPointEnd                             0x10000260   Data           4  flsinqpoint.o(.data)
    UartRcvFlag                              0x10000274   Data           1  cuart.o(.data)
    TxIntStat                                0x10000275   Data           1  cuart.o(.data)
    RdIndex0                                 0x10000278   Data           4  hw16_iic.o(.data)
    RdIndex1                                 0x1000027c   Data           4  hw16_iic.o(.data)
    RdIndex2                                 0x10000280   Data           4  hw16_iic.o(.data)
    WrIndex0                                 0x10000284   Data           4  hw16_iic.o(.data)
    WrIndex1                                 0x10000288   Data           4  hw16_iic.o(.data)
    WrIndex2                                 0x1000028c   Data           4  hw16_iic.o(.data)
    vRcdIntStaNum                            0x10000290   Data           8  hw10_can.o(.data)
    timerdev                                 0x1000029c   Data           4  hwex21_sst39vf800a.o(.data)
    fsr                                      0x100002a0   Data           4  hwex21_sst39vf800a.o(.data)
    vICanRxEvtFileBuff                       0x100002ac   Data           2  can06_rxevtfile.o(.data)
    vECanRxEvtFileBuff                       0x100002ae   Data           2  can06_rxevtfile.o(.data)
    vECanRxMesgFileBuff                      0x100002b0   Data           4  can07_rxmesgfile.o(.data)
    stTxMesgTask                             0x100002b4   Data           2  can13_txmesgfile.o(.data)
    vECanTxMesgBuff                          0x100002b6   Data           4  can13_txmesgfile.o(.data)
    vCanTx_Ing                               0x100002ba   Data           2  can22_txstate.o(.data)
    vCanTx_Failed                            0x100002bc   Data           2  can22_txstate.o(.data)
    vCanTx_Succeed                           0x100002be   Data           2  can22_txstate.o(.data)
    stCanHdTxState                           0x100002c0   Data           6  can22_txstate.o(.data)
    vCanTxLastBufCls                         0x100002c6   Data           2  can25_txnewfrm.o(.data)
    vWinSwEventTotal                         0x100002c8   Data           6  evtstruct.o(.data)
    SystemCoreClock                          0x100002d0   Data           4  system_lpc177x_8x.o(.data)
    PeripheralClock                          0x100002d4   Data           4  system_lpc177x_8x.o(.data)
    EMCClock                                 0x100002d8   Data           4  system_lpc177x_8x.o(.data)
    USBClock                                 0x100002dc   Data           4  system_lpc177x_8x.o(.data)
    SystemFrequency                          0x100002e0   Data           4  system_lpc177x_8x.o(.data)
    PeripheralFrequency                      0x100002e4   Data           4  system_lpc177x_8x.o(.data)
    CANAF_FullCAN_cnt                        0x100002e8   Data           2  lpc177x_8x_can.o(.data)
    CANAF_std_cnt                            0x100002ea   Data           2  lpc177x_8x_can.o(.data)
    CANAF_gstd_cnt                           0x100002ec   Data           2  lpc177x_8x_can.o(.data)
    CANAF_ext_cnt                            0x100002ee   Data           2  lpc177x_8x_can.o(.data)
    CANAF_gext_cnt                           0x100002f0   Data           2  lpc177x_8x_can.o(.data)
    FULLCAN_ENABLE                           0x100002f2   Data           1  lpc177x_8x_can.o(.data)
    stEvtTrans                               0x10000b18   Data          14  strevttrans.o(.bss)
    stSelfHdChkTask                          0x10000b28   Data          16  lcdpg_pselfhdchk.o(.bss)
    pgcom_callb                              0x100010c8   Data         328  lcdpg_keycall.o(.bss)
    flscon                                   0x10001210   Data        1024  lcdpg_keycall.o(.bss)
    pRegistByte                              0x1000262c   Data          24  lcdpg_keycall.o(.bss)
    vStLcdShow                               0x10002730   Data          24  lcdsub_modetextfig.o(.bss)
    vStMn                                    0x10002810   Data          60  lcdcst_opeamenu.o(.bss)
    vCanFrm_HeartBeat                        0x1000284c   Data          16  can_dataorfile.o(.bss)
    stFrmTxMesgFile                          0x1000285c   Data          16  can11sfile.o(.bss)
    vECanTxFrm                               0x1000286c   Data          16  canprtl_etx.o(.bss)
    vICanTxFrm                               0x1000287c   Data          16  canprtl_itx.o(.bss)
    stHdCan                                  0x1000288c   Data          72  canhd_interface.o(.bss)
    stVPhIoLed                               0x10002b14   Data          28  phioled.o(.bss)
    stVPhIoSound                             0x10002b30   Data          12  phiosound.o(.bss)
    stKeyScanTask                            0x10002b3c   Data         104  phiokeyscan.o(.bss)
    stPwrState                               0x10002ba4   Data           9  phiopwrstate.o(.bss)
    stCircleUartTx                           0x10002bb0   Data          16  uarthd_interface.o(.bss)
    UartDownLoadBufTx                        0x10002bc0   Data         100  uarthd_interface.o(.bss)
    stCircleUartRx                           0x10002c24   Data          16  uarthd_interface.o(.bss)
    UartDownLoadBufRx                        0x10002c34   Data         100  uarthd_interface.o(.bss)
    vCircleFlsEraseBuf                       0x10003c98   Data          16  flserase.o(.bss)
    stEraseBuf                               0x10003ca8   Data         160  flserase.o(.bss)
    stEraseTask                              0x10003d48   Data          44  flserase.o(.bss)
    vCircleFlsCopyBuf                        0x10005150   Data          16  flscopytask.o(.bss)
    stCopyBuf                                0x10005160   Data          60  flscopytask.o(.bss)
    stCopyTask                               0x1000519c   Data          36  flscopytask.o(.bss)
    vFlsItemState                            0x100051c0   Data          80  flsitemstate.o(.bss)
    vFlsItemCopyNum                          0x10005210   Data          80  flsitemstate.o(.bss)
    stFlsQueuePoint                          0x1000528c   Data         352  strflsque.o(.bss)
    vHistRdBuf                               0x100053f8   Data          16  historyread.o(.bss)
    stHistWriBuf                             0x10005408   Data        5652  historywrbuf.o(.bss)
    vFlsAlyBuf                               0x10006b80   Data        8192  flswrapplybuf.o(.bss)
    vCircleFlsAlyBuf                         0x10008b80   Data          16  flswrapplybuf.o(.bss)
    vFlsAlySec                               0x10008b90   Data        3200  flswrapplybuf.o(.bss)
    vCircleFlsAlySec                         0x10009810   Data          16  flswrapplybuf.o(.bss)
    I2CMasterState                           0x10009a9c   Data          12  hw16_iic.o(.bss)
    timeout                                  0x10009aa8   Data          12  hw16_iic.o(.bss)
    I2CMasterBuffer                          0x10009ab4   Data          48  hw16_iic.o(.bss)
    I2CSlaveBuffer                           0x10009ae4   Data          48  hw16_iic.o(.bss)
    I2CReadLength                            0x10009b14   Data          12  hw16_iic.o(.bss)
    I2CWriteLength                           0x10009b20   Data          12  hw16_iic.o(.bss)
    stRegiCan                                0x10009b2c   Data          72  hw10_can.o(.bss)
    vRcdIntStatus                            0x10009b74   Data          96  hw10_can.o(.bss)
    m_ClockBuf                               0x10009bd4   Data          16  hwex03_pcf8563.o(.bss)
    vICanRxEvtFileHead                       0x10009fe4   Data          24  can06_rxevtfile.o(.bss)
    vECanRxEvtFileHead                       0x10009ffc   Data          24  can06_rxevtfile.o(.bss)
    vICanRxMesgFileHead                      0x1000a014   Data          24  can07_rxmesgfile.o(.bss)
    vICanRxMesgFileBuff                      0x1000a02c   Data         264  can07_rxmesgfile.o(.bss)
    vECanRxMesgFileHead                      0x1000a134   Data          24  can07_rxmesgfile.o(.bss)
    stICanTxMesgFile                         0x1000a14c   Data          32  can13_txmesgfile.o(.bss)
    stECanTxMesgFile                         0x1000a16c   Data          32  can13_txmesgfile.o(.bss)
    vICanTxMesgBuff                          0x1000a18c   Data         264  can13_txmesgfile.o(.bss)
    stEvtBufWin                              0x1000a294   Data          88  evtstruct.o(.bss)
    stEvtPoint                               0x1000a2ec   Data          60  evtstruct.o(.bss)
    stEvtAlarm                               0x1000a328   Data         510  evtstruct.o(.bss)
    stEvtFault                               0x1000a526   Data        3400  evtstruct.o(.bss)
    stEvtLink                                0x1000b26e   Data        1440  evtstruct.o(.bss)
    stEvtExtg                                0x1000b80e   Data        1080  evtstruct.o(.bss)
    stEvtSpvs                                0x1000bc46   Data          34  evtstruct.o(.bss)
    stEvtDsab                                0x1000bc68   Data         510  evtstruct.o(.bss)
    stKeyJudgeTask                           0x1000be68   Data         132  keybufjdglib.o(.bss)
    stHwLcdShow                              0x1000beec   Data         632  hwex15_lcd_swbuf.o(.bss)
    ZfMatrix                                 0x1000c164   Data          34  hwex13_charlib.o(.bss)
    ZfChanMatrix                             0x1000c186   Data          32  hwex13_charlib.o(.bss)
    lcdRam                                   0x1000d4b4   Data        1536  hwex12_lcd_control.o(.bss)
    bLcdRowPageChange                        0x1000dab4   Data          24  hwex12_lcd_control.o(.bss)
    __libspace_start                         0x1000dacc   Data          96  libspace.o(.bss)
    __temporary_stack_top$libspace           0x1000db2c   Data           0  libspace.o(.bss)
    rb                                       0x1000e130   Data         528  cuart.o(UART_RB_RAM)



==============================================================================

Memory Map of the image

  Image Entry point : 0x000000e5

  Load Region LR_IROM1 (Base: 0x00000000, Size: 0x000279b0, Max: 0x00080000, ABSOLUTE, COMPRESSED[0x0002774c])

    Execution Region ER_IROM1 (Base: 0x00000000, Size: 0x000276bc, Max: 0x00080000, ABSOLUTE)

    Base Addr    Size         Type   Attr      Idx    E Section Name        Object

    0x00000000   0x000000e4   Data   RO            3    RESET               startup.o
    0x000000e4   0x00000008   Code   RO         4265  * !!!main             c_w.l(__main.o)
    0x000000ec   0x00000034   Code   RO         4442    !!!scatter          c_w.l(__scatter.o)
    0x00000120   0x0000005a   Code   RO         4440    !!dczerorl2         c_w.l(__dczerorl2.o)
    0x0000017a   0x00000002   PAD
    0x0000017c   0x0000001c   Code   RO         4444    !!handler_zi        c_w.l(__scatter_zi.o)
    0x00000198   0x00000006   Code   RO         4323    .ARM.Collect$$libinit$$00000000  c_w.l(libinit.o)
    0x0000019e   0x00000000   Code   RO         4337    .ARM.Collect$$libinit$$00000006  c_w.l(libinit2.o)
    0x0000019e   0x00000000   Code   RO         4339    .ARM.Collect$$libinit$$00000008  c_w.l(libinit2.o)
    0x0000019e   0x00000000   Code   RO         4341    .ARM.Collect$$libinit$$0000000A  c_w.l(libinit2.o)
    0x0000019e   0x00000000   Code   RO         4344    .ARM.Collect$$libinit$$0000000D  c_w.l(libinit2.o)
    0x0000019e   0x00000000   Code   RO         4346    .ARM.Collect$$libinit$$0000000F  c_w.l(libinit2.o)
    0x0000019e   0x00000000   Code   RO         4348    .ARM.Collect$$libinit$$00000011  c_w.l(libinit2.o)
    0x0000019e   0x00000000   Code   RO         4350    .ARM.Collect$$libinit$$00000013  c_w.l(libinit2.o)
    0x0000019e   0x00000000   Code   RO         4352    .ARM.Collect$$libinit$$00000015  c_w.l(libinit2.o)
    0x0000019e   0x00000000   Code   RO         4354    .ARM.Collect$$libinit$$00000017  c_w.l(libinit2.o)
    0x0000019e   0x00000000   Code   RO         4356    .ARM.Collect$$libinit$$00000019  c_w.l(libinit2.o)
    0x0000019e   0x00000000   Code   RO         4358    .ARM.Collect$$libinit$$0000001B  c_w.l(libinit2.o)
    0x0000019e   0x00000000   Code   RO         4360    .ARM.Collect$$libinit$$0000001D  c_w.l(libinit2.o)
    0x0000019e   0x00000000   Code   RO         4362    .ARM.Collect$$libinit$$0000001F  c_w.l(libinit2.o)
    0x0000019e   0x00000000   Code   RO         4364    .ARM.Collect$$libinit$$00000021  c_w.l(libinit2.o)
    0x0000019e   0x00000000   Code   RO         4368    .ARM.Collect$$libinit$$00000028  c_w.l(libinit2.o)
    0x0000019e   0x00000000   Code   RO         4370    .ARM.Collect$$libinit$$0000002A  c_w.l(libinit2.o)
    0x0000019e   0x00000000   Code   RO         4372    .ARM.Collect$$libinit$$0000002C  c_w.l(libinit2.o)
    0x0000019e   0x00000000   Code   RO         4374    .ARM.Collect$$libinit$$0000002E  c_w.l(libinit2.o)
    0x0000019e   0x00000002   Code   RO         4375    .ARM.Collect$$libinit$$0000002F  c_w.l(libinit2.o)
    0x000001a0   0x00000002   Code   RO         4414    .ARM.Collect$$libshutdown$$00000000  c_w.l(libshutdown.o)
    0x000001a2   0x00000000   Code   RO         4425    .ARM.Collect$$libshutdown$$00000003  c_w.l(libshutdown2.o)
    0x000001a2   0x00000000   Code   RO         4428    .ARM.Collect$$libshutdown$$00000006  c_w.l(libshutdown2.o)
    0x000001a2   0x00000000   Code   RO         4431    .ARM.Collect$$libshutdown$$00000009  c_w.l(libshutdown2.o)
    0x000001a2   0x00000000   Code   RO         4433    .ARM.Collect$$libshutdown$$0000000B  c_w.l(libshutdown2.o)
    0x000001a2   0x00000000   Code   RO         4436    .ARM.Collect$$libshutdown$$0000000E  c_w.l(libshutdown2.o)
    0x000001a2   0x00000002   Code   RO         4437    .ARM.Collect$$libshutdown$$0000000F  c_w.l(libshutdown2.o)
    0x000001a4   0x00000000   Code   RO         4267    .ARM.Collect$$rtentry$$00000000  c_w.l(rtentry.o)
    0x000001a4   0x00000000   Code   RO         4281    .ARM.Collect$$rtentry$$00000002  c_w.l(rtentry2.o)
    0x000001a4   0x00000006   Code   RO         4293    .ARM.Collect$$rtentry$$00000004  c_w.l(rtentry4.o)
    0x000001aa   0x00000000   Code   RO         4283    .ARM.Collect$$rtentry$$00000009  c_w.l(rtentry2.o)
    0x000001aa   0x00000004   Code   RO         4284    .ARM.Collect$$rtentry$$0000000A  c_w.l(rtentry2.o)
    0x000001ae   0x00000000   Code   RO         4286    .ARM.Collect$$rtentry$$0000000C  c_w.l(rtentry2.o)
    0x000001ae   0x00000008   Code   RO         4287    .ARM.Collect$$rtentry$$0000000D  c_w.l(rtentry2.o)
    0x000001b6   0x00000002   Code   RO         4327    .ARM.Collect$$rtexit$$00000000  c_w.l(rtexit.o)
    0x000001b8   0x00000000   Code   RO         4379    .ARM.Collect$$rtexit$$00000002  c_w.l(rtexit2.o)
    0x000001b8   0x00000004   Code   RO         4380    .ARM.Collect$$rtexit$$00000003  c_w.l(rtexit2.o)
    0x000001bc   0x00000006   Code   RO         4381    .ARM.Collect$$rtexit$$00000004  c_w.l(rtexit2.o)
    0x000001c2   0x00000002   PAD
    0x000001c4   0x00000040   Code   RO            5    .text               startup.o
    0x00000204   0x00000068   Code   RO           13    .text               main.o
    0x0000026c   0x00000090   Code   RO          271    .text               sysdef.o
    0x000002fc   0x00000004   Code   RO            4    .ARM.__at_0x02FC    startup.o
    0x00000300   0x000001d6   Code   RO           95    .text               mruntask.o
    0x000004d6   0x00000002   PAD
    0x000004d8   0x00000704   Code   RO          231    .text               mtask_test.o
    0x00000bdc   0x0000020c   Code   RO          300    .text               bufcircle.o
    0x00000de8   0x00000160   Code   RO          315    .text               codecomm.o
    0x00000f48   0x00000044   Code   RO          330    .text               codecrc.o
    0x00000f8c   0x000003d0   Code   RO          348    .text               codefig.o
    0x0000135c   0x00000588   Code   RO          380    .text               tmrtick.o
    0x000018e4   0x000000e8   Code   RO          398    .text               sysstatus.o
    0x000019cc   0x0000017c   Code   RO          458    .text               sysmachine.o
    0x00001b48   0x00000630   Code   RO          475    .text               syspanel.o
    0x00002178   0x00000834   Code   RO          510    .text               strdevice.o
    0x000029ac   0x00000078   Code   RO          534    .text               strevttrans.o
    0x00002a24   0x00000214   Code   RO          558    .text               lcdshowtask.o
    0x00002c38   0x000001fc   Code   RO          622    .text               lcdpg_aschedu.o
    0x00002e34   0x00000172   Code   RO          643    .text               lcdpg_mainorevt.o
    0x00002fa6   0x00000002   PAD
    0x00002fa8   0x000000e4   Code   RO          658    .text               lcdpg_status.o
    0x0000308c   0x000002e0   Code   RO          676    .text               lcdtsk_pgnum.o
    0x0000336c   0x00000424   Code   RO          695    .text               lcdpg_mainandevtchange.o
    0x00003790   0x00000d10   Code   RO          712    .text               lcdpg_page.o
    0x000044a0   0x000000e4   Code   RO          753    .text               lcdpg_common.o
    0x00004584   0x00000c14   Code   RO          800    .text               lcdpg_pselfhdchk.o
    0x00005198   0x00000052   Code   RO          884    .text               lcdpg_puserlogin.o
    0x000051ea   0x00000002   PAD
    0x000051ec   0x000005e4   Code   RO          899    .text               lcdpg_showevt.o
    0x000057d0   0x00001e20   Code   RO          921    .text               lcdpg_initt.o
    0x000075f0   0x00002aec   Code   RO          948    .text               lcdpg_keycall.o
    0x0000a0dc   0x000007f0   Code   RO         1029    .text               lcdpg_showlinefun.o
    0x0000a8cc   0x00000834   Code   RO         1067    .text               lcdsub_inputfig.o
    0x0000b100   0x000008bc   Code   RO         1087    .text               lcdsub_modetextfig.o
    0x0000b9bc   0x00000140   Code   RO         1106    .text               lcdsub_pssw.o
    0x0000bafc   0x00000502   Code   RO         1127    .text               lcdsub_swdev.o
    0x0000bffe   0x00000002   PAD
    0x0000c000   0x00000798   Code   RO         1145    .text               lcdsub_swoneevt.o
    0x0000c798   0x000001c8   Code   RO         1166    .text               lcdsub_swoneminievt.o
    0x0000c960   0x000001e8   Code   RO         1183    .text               lcdcst_menu.o
    0x0000cb48   0x000000f8   Code   RO         1205    .text               lcdcst_page.o
    0x0000cc40   0x00000044   Code   RO         1227    .text               lcdcst_pgstrdetetype.o
    0x0000cc84   0x000001e0   Code   RO         1250    .text               lcdcst_pgstrevtthing.o
    0x0000ce64   0x00000104   Code   RO         1282    .text               lcdcst_opamenuinterface.o
    0x0000cf68   0x000004f8   Code   RO         1297    .text               lcdcst_opeamenu.o
    0x0000d460   0x000000b8   Code   RO         1324    .text               can_dataorfile.o
    0x0000d518   0x00000502   Code   RO         1354    .text               can11sfile.o
    0x0000da1a   0x00000004   Code   RO         1399    .text               can11sprtl_ecan.o
    0x0000da1e   0x00000002   PAD
    0x0000da20   0x000000fc   Code   RO         1414    .text               can11sprtl_erx.o
    0x0000db1c   0x00000104   Code   RO         1434    .text               can11sprtl_etx.o
    0x0000dc20   0x000000b8   Code   RO         1451    .text               can11sprtl_ican.o
    0x0000dcd8   0x000007bc   Code   RO         1469    .text               can11sprtl_irx.o
    0x0000e494   0x00000178   Code   RO         1486    .text               can11sprtl_itx.o
    0x0000e60c   0x0000002c   Code   RO         1532    .text               canprtl_etx.o
    0x0000e638   0x00000050   Code   RO         1556    .text               canprtl_file.o
    0x0000e688   0x000006d8   Code   RO         1592    .text               canprtl_itx.o
    0x0000ed60   0x00000250   Code   RO         1624    .text               can_manage.o
    0x0000efb0   0x00000160   Code   RO         1665    .text               cantxtask.o
    0x0000f110   0x0000006c   Code   RO         1685    .text               ecanrxtask.o
    0x0000f17c   0x0000007c   Code   RO         1709    .text               icanrxtask.o
    0x0000f1f8   0x000003bc   Code   RO         1731    .text               canhd_interface.o
    0x0000f5b4   0x000000e0   Code   RO         1782    .text               canintrxbuf.o
    0x0000f694   0x00000054   Code   RO         1807    .text               evt_class.o
    0x0000f6e8   0x000001e4   Code   RO         1828    .text               phclock.o
    0x0000f8cc   0x00000068   Code   RO         1847    .text               phwatchdogtask.o
    0x0000f934   0x000001e0   Code   RO         1865    .text               phioled.o
    0x0000fb14   0x00000062   Code   RO         1884    .text               phioscan.o
    0x0000fb76   0x00000002   PAD
    0x0000fb78   0x00000100   Code   RO         1920    .text               phiosound.o
    0x0000fc78   0x00000128   Code   RO         1939    .text               phiokeyscan.o
    0x0000fda0   0x000000dc   Code   RO         1958    .text               phiopwrchkswitch.o
    0x0000fe7c   0x00000124   Code   RO         1979    .text               phiopwrstate.o
    0x0000ffa0   0x0000000a   Code   RO         1997    .text               cpureg.o
    0x0000ffaa   0x00000002   PAD
    0x0000ffac   0x000001b8   Code   RO         2014    .text               hdinterface.o
    0x00010164   0x000000fe   Code   RO         2053    .text               hw00_callback.o
    0x00010262   0x00000002   PAD
    0x00010264   0x00000230   Code   RO         2083    .text               hw00_hdint.o
    0x00010494   0x000001e0   Code   RO         2101    .text               uarthd_interface.o
    0x00010674   0x00000412   Code   RO         2125    .text               fls_interface.o
    0x00010a86   0x00000038   Code   RO         2153    .text               savetask.o
    0x00010abe   0x00000090   Code   RO         2171    .text               savetmrpwroffandhist.o
    0x00010b4e   0x0000013a   Code   RO         2186    .text               saveitemaux.o
    0x00010c88   0x00000448   Code   RO         2206    .text               strflsadrdef.o
    0x000110d0   0x00000114   Code   RO         2236    .text               sim_saveitem.o
    0x000111e4   0x000003c0   Code   RO         2253    .text               flserase.o
    0x000115a4   0x000001d0   Code   RO         2280    .text               flswrite.o
    0x00011774   0x000002c4   Code   RO         2297    .text               flsadrcalculate.o
    0x00011a38   0x0000014c   Code   RO         2312    .text               strflsitmstrcacu.o
    0x00011b84   0x00000240   Code   RO         2336    .text               flashidassign.o
    0x00011dc4   0x00000684   Code   RO         2354    .text               flscopytask.o
    0x00012448   0x000001c0   Code   RO         2388    .text               flsitemstate.o
    0x00012608   0x00000298   Code   RO         2406    .text               savemanage.o
    0x000128a0   0x000004dc   Code   RO         2433    .text               flsinqpoint.o
    0x00012d7c   0x000003c4   Code   RO         2458    .text               strflsque.o
    0x00013140   0x0000037c   Code   RO         2482    .text               historyread.o
    0x000134bc   0x000001c4   Code   RO         2518    .text               historywrbuf.o
    0x00013680   0x000004e4   Code   RO         2539    .text               historywrite.o
    0x00013b64   0x0000015e   Code   RO         2556    .text               savehistory.o
    0x00013cc2   0x00000002   PAD
    0x00013cc4   0x00000290   Code   RO         2571    .text               savehistpoint.o
    0x00013f54   0x0000011c   Code   RO         2588    .text               flswrapplybuf.o
    0x00014070   0x00000a90   Code   RO         2606    .text               flswrapplysave.o
    0x00014b00   0x0000019e   Code   RO         2663    .text               saveextgzoneconfig.o
    0x00014c9e   0x00000002   PAD
    0x00014ca0   0x000000ac   Code   RO         2690    .text               savemestatus.o
    0x00014d4c   0x00000190   Code   RO         2707    .text               savenetmachine.o
    0x00014edc   0x000001ac   Code   RO         2722    .text               savepnconfig.o
    0x00015088   0x000003a0   Code   RO         2746    .text               savepoweroff.o
    0x00015428   0x00000284   Code   RO         2763    .text               savefield.o
    0x000156ac   0x000001a6   Code   RO         2778    .text               savelinkprog.o
    0x00015852   0x000001f0   Code   RO         2793    .text               savenote.o
    0x00015a42   0x000003d6   Code   RO         2808    .text               savedisable.o
    0x00015e18   0x000009ba   Code   RO         2823    .text               saverelateaddr.o
    0x000167d2   0x00000002   PAD
    0x000167d4   0x0000028c   Code   RO         2840    .text               cuart.o
    0x00016a60   0x00000194   Code   RO         2877    .text               hd03_gpio.o
    0x00016bf4   0x00000176   Code   RO         2903    .text               hd04_pinfunc.o
    0x00016d6a   0x00000002   PAD
    0x00016d6c   0x0000018c   Code   RO         2926    .text               hw01_timer.o
    0x00016ef8   0x0000040c   Code   RO         2957    .text               hw16_iic.o
    0x00017304   0x0000036c   Code   RO         2999    .text               hw10_can.o
    0x00017670   0x00000068   Code   RO         3059    .text               hw20_ad.o
    0x000176d8   0x000001a8   Code   RO         3083    .text               hwex10_pindef.o
    0x00017880   0x0000044c   Code   RO         3109    .text               hwex10_gpiodef.o
    0x00017ccc   0x00000360   Code   RO         3136    .text               hwex03_pcf8563.o
    0x0001802c   0x0000064c   Code   RO         3167    .text               hwex21_sst39vf800a.o
    0x00018678   0x00000416   Code   RO         3203    .text               nandflash_hy27uf081g2a.o
    0x00018a8e   0x0000002c   Code   RO         3226    .text               lcdlib_inc_extern.o
    0x00018aba   0x00000002   PAD
    0x00018abc   0x000000ac   Code   RO         3241    .text               hwex16_charlib12.o
    0x00018b68   0x000000e0   Code   RO         3293    .text               CanBuf_Driver_V0.0.0.1_0.0.8.lib(can05_filehead.o)
    0x00018c48   0x000002a8   Code   RO         3347    .text               CanBuf_Driver_V0.0.0.1_0.0.8.lib(can06_rxevtfile.o)
    0x00018ef0   0x000002a8   Code   RO         3373    .text               CanBuf_Driver_V0.0.0.1_0.0.8.lib(can07_rxmesgfile.o)
    0x00019198   0x000003e4   Code   RO         3393    .text               CanBuf_Driver_V0.0.0.1_0.0.8.lib(can13_txmesgfile.o)
    0x0001957c   0x000005f0   Code   RO         3416    .text               CanBuf_Driver_V0.0.0.1_0.0.8.lib(can02_txrx_buf.o)
    0x00019b6c   0x00000170   Code   RO         3437    .text               CanBuf_Driver_V0.0.0.1_0.0.8.lib(can22_txstate.o)
    0x00019cdc   0x0000016c   Code   RO         3455    .text               CanBuf_Driver_V0.0.0.1_0.0.8.lib(can25_txnewfrm.o)
    0x00019e48   0x000000e6   Code   RO         3479    .text               CanBuf_Driver_V0.0.0.1_0.0.8.lib(can21_bufinit.o)
    0x00019f2e   0x000000fa   Code   RO         3506    .text               CanBuf_Driver_V0.0.0.1_0.0.8.lib(can20_bufmanage.o)
    0x0001a028   0x00000498   Code   RO         3524    .text               EventBuf_Driver_V0.0.0.1_1.7.lib(evtstruct.o)
    0x0001a4c0   0x00001118   Code   RO         3586    .text               EventBuf_Driver_V0.0.0.1_1.7.lib(eventandwinbuf.o)
    0x0001b5d8   0x000000d0   Code   RO         3637    .text               EventBuf_Driver_V0.0.0.1_1.7.lib(evt_alarmbuf.o)
    0x0001b6a8   0x0000016a   Code   RO         3658    .text               EventBuf_Driver_V0.0.0.1_1.7.lib(evt_dsabbuf.o)
    0x0001b812   0x00000060   Code   RO         3673    .text               EventBuf_Driver_V0.0.0.1_1.7.lib(evt_extgbuf.o)
    0x0001b872   0x0000018e   Code   RO         3691    .text               EventBuf_Driver_V0.0.0.1_1.7.lib(evt_faultbuf.o)
    0x0001ba00   0x00000060   Code   RO         3706    .text               EventBuf_Driver_V0.0.0.1_1.7.lib(evt_linkbuf.o)
    0x0001ba60   0x0000016a   Code   RO         3721    .text               EventBuf_Driver_V0.0.0.1_1.7.lib(evt_spvsbuf.o)
    0x0001bbca   0x00000002   PAD
    0x0001bbcc   0x00000274   Code   RO         3739    .text               KeyBuf_Driver_V0.0.0.1_0.0.5.lib(keybufjdglib.o)
    0x0001be40   0x00000924   Code   RO         3773    .text               Lcd_Driver_V0.0.0.1_10_Cn12En6Asc6.lib(hwex15_lcd_swbuf.o)
    0x0001c764   0x00000174   Code   RO         3827    .text               Lcd_Driver_V0.0.0.1_10_Cn12En6Asc6.lib(hwex13_charlib.o)
    0x0001c8d8   0x00000380   Code   RO         3855    .text               Lpc177xDriverLib_V1.0_2.lib(system_lpc177x_8x.o)
    0x0001cc58   0x00001a68   Code   RO         3897    .text               Lpc177xDriverLib_V1.0_2.lib(lpc177x_8x_can.o)
    0x0001e6c0   0x0000133c   Code   RO         3936    .text               Lpc177xDriverLib_V1.0_2.lib(lpc177x_8x_emc.o)
    0x0001f9fc   0x0000046e   Code   RO         3962    .text               Lpc177xDriverLib_V1.0_2.lib(lpc177x_8x_gpio.o)
    0x0001fe6a   0x00000002   PAD
    0x0001fe6c   0x0000022c   Code   RO         3985    .text               Lpc177xDriverLib_V1.0_2.lib(lpc177x_8x_pinsel.o)
    0x00020098   0x000003a4   Code   RO         4005    .text               Lpc177xDriverLib_V1.0_2.lib(lpc177x_8x_timer.o)
    0x0002043c   0x00000870   Code   RO         4028    .text               Lpc177xDriverLib_V1.0_2.lib(lpc177x_8x_uart.o)
    0x00020cac   0x000002a4   Code   RO         4051    .text               Lpc177xDriverLib_V1.0_2.lib(lpc177x_8x_wwdt.o)
    0x00020f50   0x00000140   Code   RO         4074    .text               Lpc177xDriverLib_V1.0_2.lib(lpc177x_8x_adc.o)
    0x00021090   0x00000248   Code   RO         4095    .text               CanBuf_Driver_V0.0.0.1_0.0.8.lib(can01_txrx_commonbuf.o)
    0x000212d8   0x00000126   Code   RO         4117    .text               CanBuf_Driver_V0.0.0.1_0.0.8.lib(can04_rxfile_buf.o)
    0x000213fe   0x00000222   Code   RO         4132    .text               EventBuf_Driver_V0.0.0.1_1.7.lib(evtcommonlinkextg.o)
    0x00021620   0x000001a8   Code   RO         4150    .text               Lcd_Driver_V0.0.0.1_10_Cn12En6Asc6.lib(hwex14_lcd_swchar.o)
    0x000217c8   0x00000774   Code   RO         4168    .text               Lcd_Driver_V0.0.0.1_10_Cn12En6Asc6.lib(hwex12_lcd_control.o)
    0x00021f3c   0x00000170   Code   RO         4195    .text               Lpc177xDriverLib_V1.0_2.lib(lpc177x_8x_clkpwr.o)
    0x000220ac   0x000003c2   Code   RO         4216    .text               EventBuf_Driver_V0.0.0.1_1.7.lib(evtcommonthing.o)
    0x0002246e   0x000002fe   Code   RO         4231    .text               Lcd_Driver_V0.0.0.1_10_Cn12En6Asc6.lib(hwex11_lcd_cmd.o)
    0x0002276c   0x000000ee   Code   RO         4251    .text               c_w.l(lludivv7m.o)
    0x0002285a   0x00000026   Code   RO         4253    .text               c_w.l(llshl.o)
    0x00022880   0x00000026   Code   RO         4255    .text               c_w.l(llushr.o)
    0x000228a6   0x00000002   PAD
    0x000228a8   0x0000007c   Code   RO         4257    .text               c_w.l(assert.o)
    0x00022924   0x0000008a   Code   RO         4259    .text               c_w.l(rt_memcpy_v6.o)
    0x000229ae   0x00000064   Code   RO         4261    .text               c_w.l(rt_memcpy_w.o)
    0x00022a12   0x00000006   Code   RO         4263    .text               c_w.l(heapauxi.o)
    0x00022a18   0x00000010   Code   RO         4272    .text               c_w.l(abort.o)
    0x00022a28   0x00000014   Code   RO         4274    .text               c_w.l(assert_puts.o)
    0x00022a3c   0x0000000e   Code   RO         4276    .text               c_w.l(sys_wrch.o)
    0x00022a4a   0x00000002   PAD
    0x00022a4c   0x0000000c   Code   RO         4278    .text               c_w.l(sys_exit.o)
    0x00022a58   0x0000000e   Code   RO         4297    .text               c_w.l(defsig_abrt_outer.o)
    0x00022a66   0x00000002   Code   RO         4301    .text               c_w.l(use_no_semi.o)
    0x00022a68   0x00000000   Code   RO         4303    .text               c_w.l(indicate_semi.o)
    0x00022a68   0x0000004a   Code   RO         4304    .text               c_w.l(sys_stackheap_outer.o)
    0x00022ab2   0x0000000c   Code   RO         4308    .text               c_w.l(exit.o)
    0x00022abe   0x0000000a   Code   RO         4310    .text               c_w.l(defsig_exit.o)
    0x00022ac8   0x00000030   Code   RO         4312    .text               c_w.l(defsig_abrt_inner.o)
    0x00022af8   0x00000008   Code   RO         4324    .text               c_w.l(libspace.o)
    0x00022b00   0x00000032   Code   RO         4331    .text               c_w.l(defsig_general.o)
    0x00022b32   0x00000002   PAD
    0x00022b34   0x00000008   Code   RO         4388    .text               c_w.l(rt_fp_status_addr_intlibspace.o)
    0x00022b3c   0x0000000e   Code   RO         4376    x$fpl$fpinit        fz_ws.l(fpinit.o)
    0x00022b4a   0x00000100   Data   RO          331    .constdata          codecrc.o
    0x00022c4a   0x00000002   PAD
    0x00022c4c   0x00000024   Data   RO          350    .constdata          codefig.o
    0x00022c70   0x00000158   Data   RO          368    .constdata          cstbits.o
    0x00022dc8   0x00000024   Data   RO          477    .constdata          syspanel.o
    0x00022dec   0x00000012   Data   RO          677    .constdata          lcdtsk_pgnum.o
    0x00022dfe   0x00000002   PAD
    0x00022e00   0x00000060   Data   RO          802    .constdata          lcdpg_pselfhdchk.o
    0x00022e60   0x0000000c   Data   RO          900    .constdata          lcdpg_showevt.o
    0x00022e6c   0x00001f54   Data   RO          950    .constdata          lcdpg_keycall.o
    0x00024dc0   0x0000003f   Data   RO         1015    .constdata          postext.o
    0x00024dff   0x0000000c   Data   RO         1146    .constdata          lcdsub_swoneevt.o
    0x00024e0b   0x00000001   PAD
    0x00024e0c   0x000003f0   Data   RO         1184    .constdata          lcdcst_menu.o
    0x000251fc   0x00000640   Data   RO         1206    .constdata          lcdcst_page.o
    0x0002583c   0x000000c0   Data   RO         1228    .constdata          lcdcst_pgstrdetetype.o
    0x000258fc   0x000002a0   Data   RO         1251    .constdata          lcdcst_pgstrevtthing.o
    0x00025b9c   0x000001d4   Data   RO         1269    .constdata          lcdcst_pgstring.o
    0x00025d70   0x0000001b   Data   RO         1452    .constdata          can11sprtl_ican.o
    0x00025d8b   0x00000001   PAD
    0x00025d8c   0x00000018   Data   RO         1733    .constdata          canhd_interface.o
    0x00025da4   0x00000010   Data   RO         1784    .constdata          canintrxbuf.o
    0x00025db4   0x00000012   Data   RO         1829    .constdata          phclock.o
    0x00025dc6   0x00000002   PAD
    0x00025dc8   0x0000004c   Data   RO         1867    .constdata          phioled.o
    0x00025e14   0x00000030   Data   RO         1922    .constdata          phiosound.o
    0x00025e44   0x00000054   Data   RO         1941    .constdata          phiokeyscan.o
    0x00025e98   0x00000009   Data   RO         2015    .constdata          hdinterface.o
    0x00025ea1   0x00000003   PAD
    0x00025ea4   0x00000010   Data   RO         2103    .constdata          uarthd_interface.o
    0x00025eb4   0x00000460   Data   RO         2207    .constdata          strflsadrdef.o
    0x00026314   0x00000024   Data   RO         2927    .constdata          hw01_timer.o
    0x00026338   0x0000000c   Data   RO         2959    .constdata          hw16_iic.o
    0x00026344   0x00000090   Data   RO         3084    .constdata          hwex10_pindef.o
    0x000263d4   0x000003f0   Data   RO         3110    .constdata          hwex10_gpiodef.o
    0x000267c4   0x00000024   Data   RO         3168    .constdata          hwex21_sst39vf800a.o
    0x000267e8   0x00000294   Data   RO         3263    .constdata          hwex16_charlibascii08.o
    0x00026a7c   0x00000028   Data   RO         3349    .constdata          CanBuf_Driver_V0.0.0.1_0.0.8.lib(can06_rxevtfile.o)
    0x00026aa4   0x00000028   Data   RO         3375    .constdata          CanBuf_Driver_V0.0.0.1_0.0.8.lib(can07_rxmesgfile.o)
    0x00026acc   0x00000028   Data   RO         3395    .constdata          CanBuf_Driver_V0.0.0.1_0.0.8.lib(can13_txmesgfile.o)
    0x00026af4   0x00000060   Data   RO         3526    .constdata          EventBuf_Driver_V0.0.0.1_1.7.lib(evtstruct.o)
    0x00026b54   0x00000008   Data   RO         3829    .constdata          Lcd_Driver_V0.0.0.1_10_Cn12En6Asc6.lib(hwex13_charlib.o)
    0x00026b5c   0x00000060   Data   RO         4097    .constdata          CanBuf_Driver_V0.0.0.1_0.0.8.lib(can01_txrx_commonbuf.o)
    0x00026bbc   0x00000008   Data   RO         4170    .constdata          Lcd_Driver_V0.0.0.1_10_Cn12En6Asc6.lib(hwex12_lcd_control.o)
    0x00026bc4   0x00000431   Data   RO          951    .conststring        lcdpg_keycall.o
    0x00026ff5   0x00000024   Data   RO         1016    .conststring        postext.o
    0x00027019   0x000003a6   Data   RO         1185    .conststring        lcdcst_menu.o
    0x000273bf   0x00000050   Data   RO         1229    .conststring        lcdcst_pgstrdetetype.o
    0x0002740f   0x00000177   Data   RO         1252    .conststring        lcdcst_pgstrevtthing.o
    0x00027586   0x00000114   Data   RO         1270    .conststring        lcdcst_pgstring.o
    0x0002769a   0x00000002   PAD
    0x0002769c   0x00000020   Data   RO         4438    Region$$Table       anon$$obj.o


    Execution Region RW_IRAM1 (Base: 0x10000000, Size: 0x0000e340, Max: 0x00010000, ABSOLUTE, COMPRESSED[0x00000090])

    Base Addr    Size         Type   Attr      Idx    E Section Name        Object

    0x10000000   0x00000004   Data   RW          233    .data               mtask_test.o
    0x10000004   0x00000011   Data   RW          351    .data               codefig.o
    0x10000015   0x00000003   PAD
    0x10000018   0x00000020   Data   RW          382    .data               tmrtick.o
    0x10000038   0x00000008   Data   RW          399    .data               sysstatus.o
    0x10000040   0x00000002   Data   RW          478    .data               syspanel.o
    0x10000042   0x00000002   PAD
    0x10000044   0x00000045   Data   RW          511    .data               strdevice.o
    0x10000089   0x00000009   Data   RW          659    .data               lcdpg_status.o
    0x10000092   0x00000002   Data   RW          678    .data               lcdtsk_pgnum.o
    0x10000094   0x0000000a   Data   RW          696    .data               lcdpg_mainandevtchange.o
    0x1000009e   0x00000002   Data   RW          713    .data               lcdpg_page.o
    0x100000a0   0x00000028   Data   RW          803    .data               lcdpg_pselfhdchk.o
    0x100000c8   0x00000006   Data   RW          901    .data               lcdpg_showevt.o
    0x100000ce   0x00000002   PAD
    0x100000d0   0x00000005   Data   RW          923    .data               lcdpg_initt.o
    0x100000d5   0x00000003   PAD
    0x100000d8   0x00000048   Data   RW          952    .data               lcdpg_keycall.o
    0x10000120   0x00000098   Data   RW         1017    .data               postext.o
    0x100001b8   0x00000003   Data   RW         1031    .data               lcdpg_showlinefun.o
    0x100001bb   0x00000001   PAD
    0x100001bc   0x00000008   Data   RW         1089    .data               lcdsub_modetextfig.o
    0x100001c4   0x00000006   Data   RW         1107    .data               lcdsub_pssw.o
    0x100001ca   0x00000002   Data   RW         1167    .data               lcdsub_swoneminievt.o
    0x100001cc   0x00000008   Data   RW         1207    .data               lcdcst_page.o
    0x100001d4   0x0000001b   Data   RW         1415    .data               can11sprtl_erx.o
    0x100001ef   0x00000001   PAD
    0x100001f0   0x00000004   Data   RW         1435    .data               can11sprtl_etx.o
    0x100001f4   0x0000001a   Data   RW         1470    .data               can11sprtl_irx.o
    0x1000020e   0x00000002   PAD
    0x10000210   0x00000004   Data   RW         1488    .data               can11sprtl_itx.o
    0x10000214   0x00000008   Data   RW         1625    .data               can_manage.o
    0x1000021c   0x00000002   Data   RW         1666    .data               cantxtask.o
    0x1000021e   0x00000003   Data   RW         1686    .data               ecanrxtask.o
    0x10000221   0x00000003   Data   RW         1710    .data               icanrxtask.o
    0x10000224   0x0000000c   Data   RW         1830    .data               phclock.o
    0x10000230   0x00000008   Data   RW         1848    .data               phwatchdogtask.o
    0x10000238   0x00000003   Data   RW         1959    .data               phiopwrchkswitch.o
    0x1000023b   0x00000001   Data   RW         2016    .data               hdinterface.o
    0x1000023c   0x0000000a   Data   RW         2084    .data               hw00_hdint.o
    0x10000246   0x00000008   Data   RW         2127    .data               fls_interface.o
    0x1000024e   0x00000002   Data   RW         2237    .data               sim_saveitem.o
    0x10000250   0x00000004   Data   RW         2313    .data               strflsitmstrcacu.o
    0x10000254   0x00000001   Data   RW         2338    .data               flashidassign.o
    0x10000255   0x00000001   Data   RW         2356    .data               flscopytask.o
    0x10000256   0x00000002   PAD
    0x10000258   0x0000000c   Data   RW         2435    .data               flsinqpoint.o
    0x10000264   0x00000010   Data   RW         2608    .data               flswrapplysave.o
    0x10000274   0x00000002   Data   RW         2841    .data               cuart.o
    0x10000276   0x00000002   PAD
    0x10000278   0x00000018   Data   RW         2960    .data               hw16_iic.o
    0x10000290   0x00000008   Data   RW         3001    .data               hw10_can.o
    0x10000298   0x00000001   Data   RW         3111    .data               hwex10_gpiodef.o
    0x10000299   0x00000003   PAD
    0x1000029c   0x00000010   Data   RW         3169    .data               hwex21_sst39vf800a.o
    0x100002ac   0x00000004   Data   RW         3350    .data               CanBuf_Driver_V0.0.0.1_0.0.8.lib(can06_rxevtfile.o)
    0x100002b0   0x00000004   Data   RW         3376    .data               CanBuf_Driver_V0.0.0.1_0.0.8.lib(can07_rxmesgfile.o)
    0x100002b4   0x00000006   Data   RW         3396    .data               CanBuf_Driver_V0.0.0.1_0.0.8.lib(can13_txmesgfile.o)
    0x100002ba   0x0000000c   Data   RW         3438    .data               CanBuf_Driver_V0.0.0.1_0.0.8.lib(can22_txstate.o)
    0x100002c6   0x00000002   Data   RW         3456    .data               CanBuf_Driver_V0.0.0.1_0.0.8.lib(can25_txnewfrm.o)
    0x100002c8   0x00000006   Data   RW         3527    .data               EventBuf_Driver_V0.0.0.1_1.7.lib(evtstruct.o)
    0x100002ce   0x00000001   Data   RW         3587    .data               EventBuf_Driver_V0.0.0.1_1.7.lib(eventandwinbuf.o)
    0x100002cf   0x00000001   Data   RW         3741    .data               KeyBuf_Driver_V0.0.0.1_0.0.5.lib(keybufjdglib.o)
    0x100002d0   0x00000018   Data   RW         3856    .data               Lpc177xDriverLib_V1.0_2.lib(system_lpc177x_8x.o)
    0x100002e8   0x0000000b   Data   RW         3898    .data               Lpc177xDriverLib_V1.0_2.lib(lpc177x_8x_can.o)
    0x100002f3   0x00000001   PAD
    0x100002f4   0x0000000e   Zero   RW          232    .bss                mtask_test.o
    0x10000302   0x0000001a   Zero   RW          272    .bss                sysdef.o
    0x1000031c   0x0000000a   Zero   RW          349    .bss                codefig.o
    0x10000326   0x00000002   PAD
    0x10000328   0x00000348   Zero   RW          381    .bss                tmrtick.o
    0x10000670   0x000000c0   Zero   RW          459    .bss                sysmachine.o
    0x10000730   0x000003e8   Zero   RW          476    .bss                syspanel.o
    0x10000b18   0x0000000e   Zero   RW          535    .bss                strevttrans.o
    0x10000b26   0x00000002   PAD
    0x10000b28   0x000004c0   Zero   RW          801    .bss                lcdpg_pselfhdchk.o
    0x10000fe8   0x0000165c   Zero   RW          949    .bss                lcdpg_keycall.o
    0x10002644   0x000000e0   Zero   RW         1068    .bss                lcdsub_inputfig.o
    0x10002724   0x000000ec   Zero   RW         1088    .bss                lcdsub_modetextfig.o
    0x10002810   0x0000003c   Zero   RW         1298    .bss                lcdcst_opeamenu.o
    0x1000284c   0x00000010   Zero   RW         1325    .bss                can_dataorfile.o
    0x1000285c   0x00000010   Zero   RW         1355    .bss                can11sfile.o
    0x1000286c   0x00000010   Zero   RW         1533    .bss                canprtl_etx.o
    0x1000287c   0x00000010   Zero   RW         1593    .bss                canprtl_itx.o
    0x1000288c   0x00000048   Zero   RW         1732    .bss                canhd_interface.o
    0x100028d4   0x00000240   Zero   RW         1783    .bss                canintrxbuf.o
    0x10002b14   0x0000001c   Zero   RW         1866    .bss                phioled.o
    0x10002b30   0x0000000c   Zero   RW         1921    .bss                phiosound.o
    0x10002b3c   0x00000068   Zero   RW         1940    .bss                phiokeyscan.o
    0x10002ba4   0x00000009   Zero   RW         1980    .bss                phiopwrstate.o
    0x10002bad   0x00000003   PAD
    0x10002bb0   0x000000e8   Zero   RW         2102    .bss                uarthd_interface.o
    0x10002c98   0x00001000   Zero   RW         2126    .bss                fls_interface.o
    0x10003c98   0x000000dc   Zero   RW         2254    .bss                flserase.o
    0x10003d74   0x0000101c   Zero   RW         2281    .bss                flswrite.o
    0x10004d90   0x000003c0   Zero   RW         2337    .bss                flashidassign.o
    0x10005150   0x00000070   Zero   RW         2355    .bss                flscopytask.o
    0x100051c0   0x000000a0   Zero   RW         2389    .bss                flsitemstate.o
    0x10005260   0x0000001c   Zero   RW         2434    .bss                flsinqpoint.o
    0x1000527c   0x00000170   Zero   RW         2459    .bss                strflsque.o
    0x100053ec   0x0000001c   Zero   RW         2483    .bss                historyread.o
    0x10005408   0x00001614   Zero   RW         2519    .bss                historywrbuf.o
    0x10006a1c   0x00000140   Zero   RW         2540    .bss                historywrite.o
    0x10006b5c   0x00000024   Zero   RW         2572    .bss                savehistpoint.o
    0x10006b80   0x00002ca0   Zero   RW         2589    .bss                flswrapplybuf.o
    0x10009820   0x00000208   Zero   RW         2607    .bss                flswrapplysave.o
    0x10009a28   0x00000040   Zero   RW         2691    .bss                savemestatus.o
    0x10009a68   0x00000034   Zero   RW         2747    .bss                savepoweroff.o
    0x10009a9c   0x00000090   Zero   RW         2958    .bss                hw16_iic.o
    0x10009b2c   0x000000a8   Zero   RW         3000    .bss                hw10_can.o
    0x10009bd4   0x00000010   Zero   RW         3137    .bss                hwex03_pcf8563.o
    0x10009be4   0x00000400   Zero   RW         3204    .bss                nandflash_hy27uf081g2a.o
    0x10009fe4   0x00000030   Zero   RW         3348    .bss                CanBuf_Driver_V0.0.0.1_0.0.8.lib(can06_rxevtfile.o)
    0x1000a014   0x00000138   Zero   RW         3374    .bss                CanBuf_Driver_V0.0.0.1_0.0.8.lib(can07_rxmesgfile.o)
    0x1000a14c   0x00000148   Zero   RW         3394    .bss                CanBuf_Driver_V0.0.0.1_0.0.8.lib(can13_txmesgfile.o)
    0x1000a294   0x00001bd2   Zero   RW         3525    .bss                EventBuf_Driver_V0.0.0.1_1.7.lib(evtstruct.o)
    0x1000be66   0x00000002   PAD
    0x1000be68   0x00000084   Zero   RW         3740    .bss                KeyBuf_Driver_V0.0.0.1_0.0.5.lib(keybufjdglib.o)
    0x1000beec   0x00000278   Zero   RW         3774    .bss                Lcd_Driver_V0.0.0.1_10_Cn12En6Asc6.lib(hwex15_lcd_swbuf.o)
    0x1000c164   0x00000042   Zero   RW         3828    .bss                Lcd_Driver_V0.0.0.1_10_Cn12En6Asc6.lib(hwex13_charlib.o)
    0x1000c1a6   0x00000002   PAD
    0x1000c1a8   0x0000130c   Zero   RW         4096    .bss                CanBuf_Driver_V0.0.0.1_0.0.8.lib(can01_txrx_commonbuf.o)
    0x1000d4b4   0x00000618   Zero   RW         4169    .bss                Lcd_Driver_V0.0.0.1_10_Cn12En6Asc6.lib(hwex12_lcd_control.o)
    0x1000dacc   0x00000060   Zero   RW         4325    .bss                c_w.l(libspace.o)
    0x1000db2c   0x00000004   PAD
    0x1000db30   0x00000400   Zero   RW            2    HEAP                startup.o
    0x1000df30   0x00000200   Zero   RW            1    STACK               startup.o
    0x1000e130   0x00000210   Zero   RW         2842    UART_RB_RAM         cuart.o


==============================================================================

Image component sizes


      Code (inc. data)   RO Data    RW Data    ZI Data      Debug   Object Name

       524          0          0          0          0       6236   bufcircle.o
      1282         12          0          0         16       9343   can11sfile.o
         4          0          0          0          0        428   can11sprtl_ecan.o
       252         28          0         27          0       1832   can11sprtl_erx.o
       260          4          0          4          0       2438   can11sprtl_etx.o
       184          4         27          0          0       2330   can11sprtl_ican.o
      1980        106          0         26          0       9162   can11sprtl_irx.o
       376          4          0          4          0       4295   can11sprtl_itx.o
       184          6          0          0         16       3554   can_dataorfile.o
       592         16          0          8          0      13814   can_manage.o
       956         16         24          0         72       7535   canhd_interface.o
       224         12         16          0        576       2289   canintrxbuf.o
        44          4          0          0         16        769   canprtl_etx.o
        80          0          0          0          0       1897   canprtl_file.o
      1752         12          0          0         16      11042   canprtl_itx.o
       352          4          0          2          0       3307   cantxtask.o
       352          0          0          0          0       4659   codecomm.o
        68          4        256          0          0       1434   codecrc.o
       976         50         36         17         10       5022   codefig.o
        10          0          0          0          0        493   cpureg.o
         0          0        344          0          0        831   cstbits.o
       652         24          0          2        528      34698   cuart.o
       108          4          0          3          0       1661   ecanrxtask.o
        84          0          0          0          0       1576   evt_class.o
       576          8          0          1        960       4275   flashidassign.o
      1042         10          0          8       4096       8255   fls_interface.o
       708          0          0          0          0       7442   flsadrcalculate.o
      1668         22          0          1        112       8839   flscopytask.o
       960         14          0          0        220       7086   flserase.o
      1244         30          0         12         28       8195   flsinqpoint.o
       448         10          0          0        160       3961   flsitemstate.o
       284         16          0          0      11424       3277   flswrapplybuf.o
      2704         62          0         16        520      13566   flswrapplysave.o
       464         10          0          0       4124       3642   flswrite.o
       404          0          0          0          0       4480   hd03_gpio.o
       374          0          0          0          0       2560   hd04_pinfunc.o
       440         14          9          1          0       6621   hdinterface.o
       892          8          0          0         28       5864   historyread.o
       452          8          0          0       5652       3041   historywrbuf.o
      1252         28          0          0        320       6234   historywrite.o
       254          0          0          0          0       3610   hw00_callback.o
       560         20          0         10          0       4318   hw00_hdint.o
       396         22         36          0          0      26581   hw01_timer.o
       876         16          0          8        168      30617   hw10_can.o
      1036         72         12         24        144      28751   hw16_iic.o
       104          4          0          0          0        782   hw20_ad.o
       864          4          0          0         16       3855   hwex03_pcf8563.o
      1100         34       1008          1          0       8825   hwex10_gpiodef.o
       424          6        144          0          0       4719   hwex10_pindef.o
       172          6          0          0          0       1069   hwex16_charlib12.o
         0          0        660          0          0        628   hwex16_charlibascii08.o
      1612         72         36         16          0      11336   hwex21_sst39vf800a.o
       124          4          0          3          0       1964   icanrxtask.o
       488         72       1942          0          0       5398   lcdcst_menu.o
       260         40          0          0          0       4268   lcdcst_opamenuinterface.o
      1272          8          0          0         60       7415   lcdcst_opeamenu.o
       248         14       1600          8          0       2677   lcdcst_page.o
        68          6        272          0          0       3778   lcdcst_pgstrdetetype.o
       480         30       1047          0          0       4757   lcdcst_pgstrevtthing.o
         0          0        744          0          0       2830   lcdcst_pgstring.o
        44          0          0          0          0       1088   lcdlib_inc_extern.o
       508          0          0          0          0       3277   lcdpg_aschedu.o
       228         18          0          0          0       6895   lcdpg_common.o
      7712        674          0          5          0      10385   lcdpg_initt.o
     10988       1110       9093         72       5724      42192   lcdpg_keycall.o
      1060          8          0         10          0       6999   lcdpg_mainandevtchange.o
       370          0          0          0          0       2455   lcdpg_mainorevt.o
      3344         58          0          2          0      32840   lcdpg_page.o
      3092        300         96         40       1216      52177   lcdpg_pselfhdchk.o
        82          0          0          0          0        694   lcdpg_puserlogin.o
      1508         36         12          6          0       7926   lcdpg_showevt.o
      2032        110          0          3          0       7168   lcdpg_showlinefun.o
       228         22          0          9          0       3206   lcdpg_status.o
       532          6          0          0          0       2697   lcdshowtask.o
      2100         22          0          0        224      11533   lcdsub_inputfig.o
      2236         34          0          8        236      18243   lcdsub_modetextfig.o
       320         12          0          6          0       4561   lcdsub_pssw.o
      1282        136          0          0          0       4814   lcdsub_swdev.o
      1944         88         12          0          0      11613   lcdsub_swoneevt.o
       456         18          0          2          0       3594   lcdsub_swoneminievt.o
       736         14         18          2          0       8539   lcdtsk_pgnum.o
       104          0          0          0          0       4689   main.o
       470          0          0          0          0       7611   mruntask.o
      1796         28          0          4         14       8024   mtask_test.o
      1046         12          0          0       1024       8166   nandflash_hy27uf081g2a.o
       484         20         18         12          0       4041   phclock.o
       296         10         84          0        104       3025   phiokeyscan.o
       480         12         76          0         28       3227   phioled.o
       220          6          0          3          0       2713   phiopwrchkswitch.o
       292          4          0          0          9       2734   phiopwrstate.o
        98          0          0          0          0       1437   phioscan.o
       256         10         48          0         12       3385   phiosound.o
       104         10          0          8          0       1411   phwatchdogtask.o
         0          0         99        152          0       1884   postext.o
       982          0          0          0          0       5796   savedisable.o
       414          0          0          0          0       3484   saveextgzoneconfig.o
       644          0          0          0          0       4344   savefield.o
       350          0          0          0          0       1149   savehistory.o
       656         12          0          0         36       3787   savehistpoint.o
       314          0          0          0          0       3354   saveitemaux.o
       422          6          0          0          0       3372   savelinkprog.o
       664          0          0          0          0       4811   savemanage.o
       172          6          0          0         64       1710   savemestatus.o
       400          0          0          0          0       2854   savenetmachine.o
       496          6          0          0          0       3690   savenote.o
       428          0          0          0          0       2935   savepnconfig.o
       928         12          0          0         52       4827   savepoweroff.o
      2490         20          0          0          0      13857   saverelateaddr.o
        56          0          0          0          0        638   savetask.o
       144          0          0          0          0       1641   savetmrpwroffandhist.o
       276         12          0          2          0       2477   sim_saveitem.o
        68         30        228          0       1536        956   startup.o
      2100         16          0         69          0      15842   strdevice.o
       120          4          0          0         14       3790   strevttrans.o
      1096          6       1120          0          0      11642   strflsadrdef.o
       332          4          0          4          0       2274   strflsitmstrcacu.o
       964          8          0          0        368       7374   strflsque.o
       144          4          0          0         26       4161   sysdef.o
       380          4          0          0        192       2694   sysmachine.o
      1584         30         36          2       1000       9423   syspanel.o
       232         16          0          8          0       3596   sysstatus.o
      1416         62          0         32        840       5812   tmrtick.o
       480         20         16          0        232       4931   uarthd_interface.o

    ----------------------------------------------------------------------
    100772       4036      19214        684      42240     818625   Object Totals
         0          0         32          0          0          0   (incl. Generated)
        26          0         13         21          7          0   (incl. Padding)

    ----------------------------------------------------------------------

      Code (inc. data)   RO Data    RW Data    ZI Data      Debug   Library Member Name

       584         18         96          0       4876       5407   can01_txrx_commonbuf.o
      1520          0          0          0          0      21204   can02_txrx_buf.o
       294          0          0          0          0       4713   can04_rxfile_buf.o
       224          0          0          0          0       5582   can05_filehead.o
       680          4         40          4         48       7409   can06_rxevtfile.o
       680          4         40          4        312       6001   can07_rxmesgfile.o
       996          8         40          6        328       8846   can13_txmesgfile.o
       250          0          0          0          0       2206   can20_bufmanage.o
       230          0          0          0          0       1062   can21_bufinit.o
       368          4          0         12          0       3481   can22_txstate.o
       364          6          0          2          0       2705   can25_txnewfrm.o
      4376        128          0          1          0      19410   eventandwinbuf.o
       208          0          0          0          0       2155   evt_alarmbuf.o
       362          0          0          0          0       2291   evt_dsabbuf.o
        96          0          0          0          0       1337   evt_extgbuf.o
       398          0          0          0          0       2298   evt_faultbuf.o
        96          0          0          0          0       1337   evt_linkbuf.o
       362          0          0          0          0       2290   evt_spvsbuf.o
       546          0          0          0          0       3561   evtcommonlinkextg.o
       962          0          0          0          0       7339   evtcommonthing.o
      1176         70         96          6       7122      15086   evtstruct.o
       628         10          0          1        132       6200   keybufjdglib.o
       766          0          0          0          0       5381   hwex11_lcd_cmd.o
      1908         14          8          0       1560      11222   hwex12_lcd_control.o
       372         12          8          0         66       4164   hwex13_charlib.o
       424          0          0          0          0       2990   hwex14_lcd_swchar.o
      2340         44          0          0        632      17786   hwex15_lcd_swbuf.o
       320          4          0          0          0       5672   lpc177x_8x_adc.o
      6760        194          0         11          0      23741   lpc177x_8x_can.o
       368         48          0          0          0       1515   lpc177x_8x_clkpwr.o
      4924        294          0          0          0      23682   lpc177x_8x_emc.o
      1134         62          0          0          0      10970   lpc177x_8x_gpio.o
       556          4          0          0          0       4754   lpc177x_8x_pinsel.o
       932         18          0          0          0       7737   lpc177x_8x_timer.o
      2160         28          0          0          0      16229   lpc177x_8x_uart.o
       676          0          0          0          0       5918   lpc177x_8x_wwdt.o
       896         90          0         24          0      26371   system_lpc177x_8x.o
        90          0          0          0          0          0   __dczerorl2.o
         8          0          0          0          0         68   __main.o
        52          8          0          0          0          0   __scatter.o
        28          0          0          0          0          0   __scatter_zi.o
        16          0          0          0          0         72   abort.o
       124         40          0          0          0         76   assert.o
        20          0          0          0          0         76   assert_puts.o
        48         34          0          0          0         76   defsig_abrt_inner.o
        14          0          0          0          0         80   defsig_abrt_outer.o
        10          0          0          0          0         68   defsig_exit.o
        50          0          0          0          0         88   defsig_general.o
        12          0          0          0          0         72   exit.o
         6          0          0          0          0        152   heapauxi.o
         0          0          0          0          0          0   indicate_semi.o
         6          0          0          0          0          0   libinit.o
         2          0          0          0          0          0   libinit2.o
         2          0          0          0          0          0   libshutdown.o
         2          0          0          0          0          0   libshutdown2.o
         8          4          0          0         96         68   libspace.o
        38          0          0          0          0         68   llshl.o
       238          0          0          0          0        100   lludivv7m.o
        38          0          0          0          0         68   llushr.o
         8          4          0          0          0         68   rt_fp_status_addr_intlibspace.o
       138          0          0          0          0         68   rt_memcpy_v6.o
       100          0          0          0          0         80   rt_memcpy_w.o
         0          0          0          0          0          0   rtentry.o
        12          0          0          0          0          0   rtentry2.o
         6          0          0          0          0          0   rtentry4.o
         2          0          0          0          0          0   rtexit.o
        10          0          0          0          0          0   rtexit2.o
        12          4          0          0          0         68   sys_exit.o
        74          0          0          0          0         80   sys_stackheap_outer.o
        14          0          0          0          0         76   sys_wrch.o
         2          0          0          0          0         68   use_no_semi.o
        14          0          0          0          0         76   fpinit.o

    ----------------------------------------------------------------------
     41154       1158        328         72      15180     301768   Library Totals
        14          0          0          1          8          0   (incl. Padding)

    ----------------------------------------------------------------------

      Code (inc. data)   RO Data    RW Data    ZI Data      Debug   Library Name

      6190         44        216         28       5564      68616   CanBuf_Driver_V0.0.0.1_0.0.8.lib
      8582        198         96          7       7122      57104   EventBuf_Driver_V0.0.0.1_1.7.lib
       628         10          0          1        132       6200   KeyBuf_Driver_V0.0.0.1_0.0.5.lib
      5810         70         16          0       2258      41543   Lcd_Driver_V0.0.0.1_10_Cn12En6Asc6.lib
     18726        742          0         35          0     126589   Lpc177xDriverLib_V1.0_2.lib
      1190         94          0          0         96       1640   c_w.l
        14          0          0          0          0         76   fz_ws.l

    ----------------------------------------------------------------------
     41154       1158        328         72      15180     301768   Library Totals

    ----------------------------------------------------------------------

==============================================================================


      Code (inc. data)   RO Data    RW Data    ZI Data      Debug   

    141926       5194      19542        756      57420    1103701   Grand Totals
    141926       5194      19542        144      57420    1103701   ELF Image Totals (compressed)
    141926       5194      19542        144          0          0   ROM Totals

==============================================================================

    Total RO  Size (Code + RO Data)               161468 ( 157.68kB)
    Total RW  Size (RW Data + ZI Data)             58176 (  56.81kB)
    Total ROM Size (Code + RO Data + RW Data)     161612 ( 157.82kB)

==============================================================================

